##gff-version 3
Contig1	combinr	gene	842	3150	.	+	.	ID=consensus.Contig1.g1
Contig1	combinr	mRNA	842	3150	.	+	.	ID=consensus.Contig1.g1.mRNA;Parent=consensus.Contig1.g1;score=70050.0;score_ratio=526.69;coding_length=948;low_support=false;partial5=false;partial3=false
Contig1	combinr	exon	842	1127	.	+	.	ID=consensus.Contig1.g1.mRNA.exon1;Parent=consensus.Contig1.g1.mRNA
Contig1	combinr	exon	1483	1603	.	+	.	ID=consensus.Contig1.g1.mRNA.exon2;Parent=consensus.Contig1.g1.mRNA
Contig1	combinr	exon	1698	1747	.	+	.	ID=consensus.Contig1.g1.mRNA.exon3;Parent=consensus.Contig1.g1.mRNA
Contig1	combinr	exon	1868	1935	.	+	.	ID=consensus.Contig1.g1.mRNA.exon4;Parent=consensus.Contig1.g1.mRNA
Contig1	combinr	exon	2164	2262	.	+	.	ID=consensus.Contig1.g1.mRNA.exon5;Parent=consensus.Contig1.g1.mRNA
Contig1	combinr	exon	2353	2412	.	+	.	ID=consensus.Contig1.g1.mRNA.exon6;Parent=consensus.Contig1.g1.mRNA
Contig1	combinr	exon	2528	2587	.	+	.	ID=consensus.Contig1.g1.mRNA.exon7;Parent=consensus.Contig1.g1.mRNA
Contig1	combinr	exon	2740	2794	.	+	.	ID=consensus.Contig1.g1.mRNA.exon8;Parent=consensus.Contig1.g1.mRNA
Contig1	combinr	exon	2882	2931	.	+	.	ID=consensus.Contig1.g1.mRNA.exon9;Parent=consensus.Contig1.g1.mRNA
Contig1	combinr	exon	3052	3150	.	+	.	ID=consensus.Contig1.g1.mRNA.exon10;Parent=consensus.Contig1.g1.mRNA
Contig1	combinr	CDS	842	1127	.	+	0	ID=consensus.Contig1.g1.mRNA.cds1;Parent=consensus.Contig1.g1.mRNA
Contig1	combinr	CDS	1483	1603	.	+	2	ID=consensus.Contig1.g1.mRNA.cds2;Parent=consensus.Contig1.g1.mRNA
Contig1	combinr	CDS	1698	1747	.	+	1	ID=consensus.Contig1.g1.mRNA.cds3;Parent=consensus.Contig1.g1.mRNA
Contig1	combinr	CDS	1868	1935	.	+	2	ID=consensus.Contig1.g1.mRNA.cds4;Parent=consensus.Contig1.g1.mRNA
Contig1	combinr	CDS	2164	2262	.	+	0	ID=consensus.Contig1.g1.mRNA.cds5;Parent=consensus.Contig1.g1.mRNA
Contig1	combinr	CDS	2353	2412	.	+	0	ID=consensus.Contig1.g1.mRNA.cds6;Parent=consensus.Contig1.g1.mRNA
Contig1	combinr	CDS	2528	2587	.	+	0	ID=consensus.Contig1.g1.mRNA.cds7;Parent=consensus.Contig1.g1.mRNA
Contig1	combinr	CDS	2740	2794	.	+	0	ID=consensus.Contig1.g1.mRNA.cds8;Parent=consensus.Contig1.g1.mRNA
Contig1	combinr	CDS	2882	2931	.	+	2	ID=consensus.Contig1.g1.mRNA.cds9;Parent=consensus.Contig1.g1.mRNA
Contig1	combinr	CDS	3052	3150	.	+	0	ID=consensus.Contig1.g1.mRNA.cds10;Parent=consensus.Contig1.g1.mRNA
Contig1	combinr	gene	3632	4546	.	-	.	ID=consensus.Contig1.g2
Contig1	combinr	mRNA	3632	4546	.	-	.	ID=consensus.Contig1.g2.mRNA;Parent=consensus.Contig1.g2;score=23934.0;score_ratio=10000.00;coding_length=915;low_support=false;partial5=false;partial3=false
Contig1	combinr	exon	3632	4546	.	-	.	ID=consensus.Contig1.g2.mRNA.exon1;Parent=consensus.Contig1.g2.mRNA
Contig1	combinr	CDS	3632	4546	.	-	0	ID=consensus.Contig1.g2.mRNA.cds1;Parent=consensus.Contig1.g2.mRNA
Contig1	combinr	gene	7611	9749	.	-	.	ID=consensus.Contig1.g3
Contig1	combinr	mRNA	7611	9749	.	-	.	ID=consensus.Contig1.g3.mRNA;Parent=consensus.Contig1.g3;score=112580.0;score_ratio=10000.00;coding_length=1035;low_support=false;partial5=false;partial3=false
Contig1	combinr	exon	7611	7786	.	-	.	ID=consensus.Contig1.g3.mRNA.exon1;Parent=consensus.Contig1.g3.mRNA
Contig1	combinr	exon	8386	8539	.	-	.	ID=consensus.Contig1.g3.mRNA.exon2;Parent=consensus.Contig1.g3.mRNA
Contig1	combinr	exon	8629	8725	.	-	.	ID=consensus.Contig1.g3.mRNA.exon3;Parent=consensus.Contig1.g3.mRNA
Contig1	combinr	exon	8807	8979	.	-	.	ID=consensus.Contig1.g3.mRNA.exon4;Parent=consensus.Contig1.g3.mRNA
Contig1	combinr	exon	9091	9294	.	-	.	ID=consensus.Contig1.g3.mRNA.exon5;Parent=consensus.Contig1.g3.mRNA
Contig1	combinr	exon	9390	9557	.	-	.	ID=consensus.Contig1.g3.mRNA.exon6;Parent=consensus.Contig1.g3.mRNA
Contig1	combinr	exon	9687	9749	.	-	.	ID=consensus.Contig1.g3.mRNA.exon7;Parent=consensus.Contig1.g3.mRNA
Contig1	combinr	CDS	7611	7786	.	-	2	ID=consensus.Contig1.g3.mRNA.cds1;Parent=consensus.Contig1.g3.mRNA
Contig1	combinr	CDS	8386	8539	.	-	0	ID=consensus.Contig1.g3.mRNA.cds2;Parent=consensus.Contig1.g3.mRNA
Contig1	combinr	CDS	8629	8725	.	-	1	ID=consensus.Contig1.g3.mRNA.cds3;Parent=consensus.Contig1.g3.mRNA
Contig1	combinr	CDS	8807	8979	.	-	0	ID=consensus.Contig1.g3.mRNA.cds4;Parent=consensus.Contig1.g3.mRNA
Contig1	combinr	CDS	9091	9294	.	-	0	ID=consensus.Contig1.g3.mRNA.cds5;Parent=consensus.Contig1.g3.mRNA
Contig1	combinr	CDS	9390	9557	.	-	0	ID=consensus.Contig1.g3.mRNA.cds6;Parent=consensus.Contig1.g3.mRNA
Contig1	combinr	CDS	9687	9749	.	-	0	ID=consensus.Contig1.g3.mRNA.cds7;Parent=consensus.Contig1.g3.mRNA
Contig1	combinr	gene	12430	17089	.	+	.	ID=consensus.Contig1.g4
Contig1	combinr	mRNA	12430	17089	.	+	.	ID=consensus.Contig1.g4.mRNA;Parent=consensus.Contig1.g4;score=149554.0;score_ratio=73.71;coding_length=1110;low_support=false;partial5=false;partial3=false
Contig1	combinr	exon	12430	12731	.	+	.	ID=consensus.Contig1.g4.mRNA.exon1;Parent=consensus.Contig1.g4.mRNA
Contig1	combinr	exon	14404	14531	.	+	.	ID=consensus.Contig1.g4.mRNA.exon2;Parent=consensus.Contig1.g4.mRNA
Contig1	combinr	exon	14603	14701	.	+	.	ID=consensus.Contig1.g4.mRNA.exon3;Parent=consensus.Contig1.g4.mRNA
Contig1	combinr	exon	14791	14949	.	+	.	ID=consensus.Contig1.g4.mRNA.exon4;Parent=consensus.Contig1.g4.mRNA
Contig1	combinr	exon	15778	15864	.	+	.	ID=consensus.Contig1.g4.mRNA.exon5;Parent=consensus.Contig1.g4.mRNA
Contig1	combinr	exon	15989	16080	.	+	.	ID=consensus.Contig1.g4.mRNA.exon6;Parent=consensus.Contig1.g4.mRNA
Contig1	combinr	exon	16235	16309	.	+	.	ID=consensus.Contig1.g4.mRNA.exon7;Parent=consensus.Contig1.g4.mRNA
Contig1	combinr	exon	16922	17089	.	+	.	ID=consensus.Contig1.g4.mRNA.exon8;Parent=consensus.Contig1.g4.mRNA
Contig1	combinr	CDS	12430	12731	.	+	0	ID=consensus.Contig1.g4.mRNA.cds1;Parent=consensus.Contig1.g4.mRNA
Contig1	combinr	CDS	14404	14531	.	+	1	ID=consensus.Contig1.g4.mRNA.cds2;Parent=consensus.Contig1.g4.mRNA
Contig1	combinr	CDS	14603	14701	.	+	2	ID=consensus.Contig1.g4.mRNA.cds3;Parent=consensus.Contig1.g4.mRNA
Contig1	combinr	CDS	14791	14949	.	+	2	ID=consensus.Contig1.g4.mRNA.cds4;Parent=consensus.Contig1.g4.mRNA
Contig1	combinr	CDS	15778	15864	.	+	2	ID=consensus.Contig1.g4.mRNA.cds5;Parent=consensus.Contig1.g4.mRNA
Contig1	combinr	CDS	15989	16080	.	+	2	ID=consensus.Contig1.g4.mRNA.cds6;Parent=consensus.Contig1.g4.mRNA
Contig1	combinr	CDS	16235	16309	.	+	0	ID=consensus.Contig1.g4.mRNA.cds7;Parent=consensus.Contig1.g4.mRNA
Contig1	combinr	CDS	16922	17089	.	+	0	ID=consensus.Contig1.g4.mRNA.cds8;Parent=consensus.Contig1.g4.mRNA
Contig1	combinr	gene	20484	23993	.	-	.	ID=consensus.Contig1.g5
Contig1	combinr	mRNA	20484	23993	.	-	.	ID=consensus.Contig1.g5.mRNA;Parent=consensus.Contig1.g5;score=51883.0;score_ratio=10000.00;coding_length=2925;low_support=false;partial5=false;partial3=false
Contig1	combinr	exon	20484	20861	.	-	.	ID=consensus.Contig1.g5.mRNA.exon1;Parent=consensus.Contig1.g5.mRNA
Contig1	combinr	exon	21114	23358	.	-	.	ID=consensus.Contig1.g5.mRNA.exon2;Parent=consensus.Contig1.g5.mRNA
Contig1	combinr	exon	23692	23993	.	-	.	ID=consensus.Contig1.g5.mRNA.exon3;Parent=consensus.Contig1.g5.mRNA
Contig1	combinr	CDS	20484	20861	.	-	0	ID=consensus.Contig1.g5.mRNA.cds1;Parent=consensus.Contig1.g5.mRNA
Contig1	combinr	CDS	21114	23358	.	-	1	ID=consensus.Contig1.g5.mRNA.cds2;Parent=consensus.Contig1.g5.mRNA
Contig1	combinr	CDS	23692	23993	.	-	0	ID=consensus.Contig1.g5.mRNA.cds3;Parent=consensus.Contig1.g5.mRNA
Contig1	combinr	gene	26023	29114	.	+	.	ID=consensus.Contig1.g6
Contig1	combinr	mRNA	26023	29114	.	+	.	ID=consensus.Contig1.g6.mRNA;Parent=consensus.Contig1.g6;score=115693.0;score_ratio=253.16;coding_length=1785;low_support=false;partial5=false;partial3=false
Contig1	combinr	exon	26023	26402	.	+	.	ID=consensus.Contig1.g6.mRNA.exon1;Parent=consensus.Contig1.g6.mRNA
Contig1	combinr	exon	26872	26978	.	+	.	ID=consensus.Contig1.g6.mRNA.exon2;Parent=consensus.Contig1.g6.mRNA
Contig1	combinr	exon	27082	27137	.	+	.	ID=consensus.Contig1.g6.mRNA.exon3;Parent=consensus.Contig1.g6.mRNA
Contig1	combinr	exon	27227	27451	.	+	.	ID=consensus.Contig1.g6.mRNA.exon4;Parent=consensus.Contig1.g6.mRNA
Contig1	combinr	exon	27536	27742	.	+	.	ID=consensus.Contig1.g6.mRNA.exon5;Parent=consensus.Contig1.g6.mRNA
Contig1	combinr	exon	27822	27908	.	+	.	ID=consensus.Contig1.g6.mRNA.exon6;Parent=consensus.Contig1.g6.mRNA
Contig1	combinr	exon	27996	28091	.	+	.	ID=consensus.Contig1.g6.mRNA.exon7;Parent=consensus.Contig1.g6.mRNA
Contig1	combinr	exon	28165	28380	.	+	.	ID=consensus.Contig1.g6.mRNA.exon8;Parent=consensus.Contig1.g6.mRNA
Contig1	combinr	exon	28573	28755	.	+	.	ID=consensus.Contig1.g6.mRNA.exon9;Parent=consensus.Contig1.g6.mRNA
Contig1	combinr	exon	28887	29114	.	+	.	ID=consensus.Contig1.g6.mRNA.exon10;Parent=consensus.Contig1.g6.mRNA
Contig1	combinr	CDS	26023	26402	.	+	0	ID=consensus.Contig1.g6.mRNA.cds1;Parent=consensus.Contig1.g6.mRNA
Contig1	combinr	CDS	26872	26978	.	+	1	ID=consensus.Contig1.g6.mRNA.cds2;Parent=consensus.Contig1.g6.mRNA
Contig1	combinr	CDS	27082	27137	.	+	2	ID=consensus.Contig1.g6.mRNA.cds3;Parent=consensus.Contig1.g6.mRNA
Contig1	combinr	CDS	27227	27451	.	+	0	ID=consensus.Contig1.g6.mRNA.cds4;Parent=consensus.Contig1.g6.mRNA
Contig1	combinr	CDS	27536	27742	.	+	0	ID=consensus.Contig1.g6.mRNA.cds5;Parent=consensus.Contig1.g6.mRNA
Contig1	combinr	CDS	27822	27908	.	+	0	ID=consensus.Contig1.g6.mRNA.cds6;Parent=consensus.Contig1.g6.mRNA
Contig1	combinr	CDS	27996	28091	.	+	0	ID=consensus.Contig1.g6.mRNA.cds7;Parent=consensus.Contig1.g6.mRNA
Contig1	combinr	CDS	28165	28380	.	+	0	ID=consensus.Contig1.g6.mRNA.cds8;Parent=consensus.Contig1.g6.mRNA
Contig1	combinr	CDS	28573	28755	.	+	0	ID=consensus.Contig1.g6.mRNA.cds9;Parent=consensus.Contig1.g6.mRNA
Contig1	combinr	CDS	28887	29114	.	+	0	ID=consensus.Contig1.g6.mRNA.cds10;Parent=consensus.Contig1.g6.mRNA
Contig1	combinr	gene	30091	32906	.	+	.	ID=consensus.Contig1.g7
Contig1	combinr	mRNA	30091	32906	.	+	.	ID=consensus.Contig1.g7.mRNA;Parent=consensus.Contig1.g7;score=108343.0;score_ratio=10000.00;coding_length=1611;low_support=false;partial5=false;partial3=false
Contig1	combinr	exon	30091	30314	.	+	.	ID=consensus.Contig1.g7.mRNA.exon1;Parent=consensus.Contig1.g7.mRNA
Contig1	combinr	exon	30778	30884	.	+	.	ID=consensus.Contig1.g7.mRNA.exon2;Parent=consensus.Contig1.g7.mRNA
Contig1	combinr	exon	30984	31039	.	+	.	ID=consensus.Contig1.g7.mRNA.exon3;Parent=consensus.Contig1.g7.mRNA
Contig1	combinr	exon	31134	31340	.	+	.	ID=consensus.Contig1.g7.mRNA.exon4;Parent=consensus.Contig1.g7.mRNA
Contig1	combinr	exon	31422	31628	.	+	.	ID=consensus.Contig1.g7.mRNA.exon5;Parent=consensus.Contig1.g7.mRNA
Contig1	combinr	exon	31702	31788	.	+	.	ID=consensus.Contig1.g7.mRNA.exon6;Parent=consensus.Contig1.g7.mRNA
Contig1	combinr	exon	31874	31969	.	+	.	ID=consensus.Contig1.g7.mRNA.exon7;Parent=consensus.Contig1.g7.mRNA
Contig1	combinr	exon	32071	32286	.	+	.	ID=consensus.Contig1.g7.mRNA.exon8;Parent=consensus.Contig1.g7.mRNA
Contig1	combinr	exon	32358	32540	.	+	.	ID=consensus.Contig1.g7.mRNA.exon9;Parent=consensus.Contig1.g7.mRNA
Contig1	combinr	exon	32679	32906	.	+	.	ID=consensus.Contig1.g7.mRNA.exon10;Parent=consensus.Contig1.g7.mRNA
Contig1	combinr	CDS	30091	30314	.	+	0	ID=consensus.Contig1.g7.mRNA.cds1;Parent=consensus.Contig1.g7.mRNA
Contig1	combinr	CDS	30778	30884	.	+	1	ID=consensus.Contig1.g7.mRNA.cds2;Parent=consensus.Contig1.g7.mRNA
Contig1	combinr	CDS	30984	31039	.	+	2	ID=consensus.Contig1.g7.mRNA.cds3;Parent=consensus.Contig1.g7.mRNA
Contig1	combinr	CDS	31134	31340	.	+	0	ID=consensus.Contig1.g7.mRNA.cds4;Parent=consensus.Contig1.g7.mRNA
Contig1	combinr	CDS	31422	31628	.	+	0	ID=consensus.Contig1.g7.mRNA.cds5;Parent=consensus.Contig1.g7.mRNA
Contig1	combinr	CDS	31702	31788	.	+	0	ID=consensus.Contig1.g7.mRNA.cds6;Parent=consensus.Contig1.g7.mRNA
Contig1	combinr	CDS	31874	31969	.	+	0	ID=consensus.Contig1.g7.mRNA.cds7;Parent=consensus.Contig1.g7.mRNA
Contig1	combinr	CDS	32071	32286	.	+	0	ID=consensus.Contig1.g7.mRNA.cds8;Parent=consensus.Contig1.g7.mRNA
Contig1	combinr	CDS	32358	32540	.	+	0	ID=consensus.Contig1.g7.mRNA.cds9;Parent=consensus.Contig1.g7.mRNA
Contig1	combinr	CDS	32679	32906	.	+	0	ID=consensus.Contig1.g7.mRNA.cds10;Parent=consensus.Contig1.g7.mRNA
Contig1	combinr	gene	39465	42909	.	+	.	ID=consensus.Contig1.g8
Contig1	combinr	mRNA	39465	42909	.	+	.	ID=consensus.Contig1.g8.mRNA;Parent=consensus.Contig1.g8;score=83353.0;score_ratio=35.05;coding_length=1959;low_support=false;partial5=false;partial3=false
Contig1	combinr	exon	39465	40022	.	+	.	ID=consensus.Contig1.g8.mRNA.exon1;Parent=consensus.Contig1.g8.mRNA
Contig1	combinr	exon	41281	41823	.	+	.	ID=consensus.Contig1.g8.mRNA.exon2;Parent=consensus.Contig1.g8.mRNA
Contig1	combinr	exon	41946	42362	.	+	.	ID=consensus.Contig1.g8.mRNA.exon3;Parent=consensus.Contig1.g8.mRNA
Contig1	combinr	exon	42469	42909	.	+	.	ID=consensus.Contig1.g8.mRNA.exon4;Parent=consensus.Contig1.g8.mRNA
Contig1	combinr	CDS	39465	40022	.	+	0	ID=consensus.Contig1.g8.mRNA.cds1;Parent=consensus.Contig1.g8.mRNA
Contig1	combinr	CDS	41281	41823	.	+	0	ID=consensus.Contig1.g8.mRNA.cds2;Parent=consensus.Contig1.g8.mRNA
Contig1	combinr	CDS	41946	42362	.	+	0	ID=consensus.Contig1.g8.mRNA.cds3;Parent=consensus.Contig1.g8.mRNA
Contig1	combinr	CDS	42469	42909	.	+	0	ID=consensus.Contig1.g8.mRNA.cds4;Parent=consensus.Contig1.g8.mRNA
Contig1	combinr	gene	44377	50843	.	-	.	ID=consensus.Contig1.g9
Contig1	combinr	mRNA	44377	50843	.	-	.	ID=consensus.Contig1.g9.mRNA;Parent=consensus.Contig1.g9;score=244898.0;score_ratio=318.88;coding_length=2310;low_support=false;partial5=false;partial3=false
Contig1	combinr	exon	44377	44517	.	-	.	ID=consensus.Contig1.g9.mRNA.exon1;Parent=consensus.Contig1.g9.mRNA
Contig1	combinr	exon	44650	44703	.	-	.	ID=consensus.Contig1.g9.mRNA.exon2;Parent=consensus.Contig1.g9.mRNA
Contig1	combinr	exon	45005	45094	.	-	.	ID=consensus.Contig1.g9.mRNA.exon3;Parent=consensus.Contig1.g9.mRNA
Contig1	combinr	exon	45164	45445	.	-	.	ID=consensus.Contig1.g9.mRNA.exon4;Parent=consensus.Contig1.g9.mRNA
Contig1	combinr	exon	45636	45784	.	-	.	ID=consensus.Contig1.g9.mRNA.exon5;Parent=consensus.Contig1.g9.mRNA
Contig1	combinr	exon	46044	46173	.	-	.	ID=consensus.Contig1.g9.mRNA.exon6;Parent=consensus.Contig1.g9.mRNA
Contig1	combinr	exon	46275	46355	.	-	.	ID=consensus.Contig1.g9.mRNA.exon7;Parent=consensus.Contig1.g9.mRNA
Contig1	combinr	exon	46431	46556	.	-	.	ID=consensus.Contig1.g9.mRNA.exon8;Parent=consensus.Contig1.g9.mRNA
Contig1	combinr	exon	46684	46741	.	-	.	ID=consensus.Contig1.g9.mRNA.exon9;Parent=consensus.Contig1.g9.mRNA
Contig1	combinr	exon	46984	47045	.	-	.	ID=consensus.Contig1.g9.mRNA.exon10;Parent=consensus.Contig1.g9.mRNA
Contig1	combinr	exon	47418	47468	.	-	.	ID=consensus.Contig1.g9.mRNA.exon11;Parent=consensus.Contig1.g9.mRNA
Contig1	combinr	exon	47611	47730	.	-	.	ID=consensus.Contig1.g9.mRNA.exon12;Parent=consensus.Contig1.g9.mRNA
Contig1	combinr	exon	47945	48068	.	-	.	ID=consensus.Contig1.g9.mRNA.exon13;Parent=consensus.Contig1.g9.mRNA
Contig1	combinr	exon	48497	48585	.	-	.	ID=consensus.Contig1.g9.mRNA.exon14;Parent=consensus.Contig1.g9.mRNA
Contig1	combinr	exon	48969	49061	.	-	.	ID=consensus.Contig1.g9.mRNA.exon15;Parent=consensus.Contig1.g9.mRNA
Contig1	combinr	exon	49575	49728	.	-	.	ID=consensus.Contig1.g9.mRNA.exon16;Parent=consensus.Contig1.g9.mRNA
Contig1	combinr	exon	50338	50843	.	-	.	ID=consensus.Contig1.g9.mRNA.exon17;Parent=consensus.Contig1.g9.mRNA
Contig1	combinr	CDS	44377	44517	.	-	0	ID=consensus.Contig1.g9.mRNA.cds1;Parent=consensus.Contig1.g9.mRNA
Contig1	combinr	CDS	44650	44703	.	-	0	ID=consensus.Contig1.g9.mRNA.cds2;Parent=consensus.Contig1.g9.mRNA
Contig1	combinr	CDS	45005	45094	.	-	0	ID=consensus.Contig1.g9.mRNA.cds3;Parent=consensus.Contig1.g9.mRNA
Contig1	combinr	CDS	45164	45445	.	-	0	ID=consensus.Contig1.g9.mRNA.cds4;Parent=consensus.Contig1.g9.mRNA
Contig1	combinr	CDS	45636	45784	.	-	2	ID=consensus.Contig1.g9.mRNA.cds5;Parent=consensus.Contig1.g9.mRNA
Contig1	combinr	CDS	46044	46173	.	-	0	ID=consensus.Contig1.g9.mRNA.cds6;Parent=consensus.Contig1.g9.mRNA
Contig1	combinr	CDS	46275	46355	.	-	0	ID=consensus.Contig1.g9.mRNA.cds7;Parent=consensus.Contig1.g9.mRNA
Contig1	combinr	CDS	46431	46556	.	-	0	ID=consensus.Contig1.g9.mRNA.cds8;Parent=consensus.Contig1.g9.mRNA
Contig1	combinr	CDS	46684	46741	.	-	1	ID=consensus.Contig1.g9.mRNA.cds9;Parent=consensus.Contig1.g9.mRNA
Contig1	combinr	CDS	46984	47045	.	-	0	ID=consensus.Contig1.g9.mRNA.cds10;Parent=consensus.Contig1.g9.mRNA
Contig1	combinr	CDS	47418	47468	.	-	0	ID=consensus.Contig1.g9.mRNA.cds11;Parent=consensus.Contig1.g9.mRNA
Contig1	combinr	CDS	47611	47730	.	-	0	ID=consensus.Contig1.g9.mRNA.cds12;Parent=consensus.Contig1.g9.mRNA
Contig1	combinr	CDS	47945	48068	.	-	1	ID=consensus.Contig1.g9.mRNA.cds13;Parent=consensus.Contig1.g9.mRNA
Contig1	combinr	CDS	48497	48585	.	-	0	ID=consensus.Contig1.g9.mRNA.cds14;Parent=consensus.Contig1.g9.mRNA
Contig1	combinr	CDS	48969	49061	.	-	0	ID=consensus.Contig1.g9.mRNA.cds15;Parent=consensus.Contig1.g9.mRNA
Contig1	combinr	CDS	49575	49728	.	-	1	ID=consensus.Contig1.g9.mRNA.cds16;Parent=consensus.Contig1.g9.mRNA
Contig1	combinr	CDS	50338	50843	.	-	0	ID=consensus.Contig1.g9.mRNA.cds17;Parent=consensus.Contig1.g9.mRNA
Contig1	combinr	gene	57371	59941	.	+	.	ID=consensus.Contig1.g10
Contig1	combinr	mRNA	57371	59941	.	+	.	ID=consensus.Contig1.g10.mRNA;Parent=consensus.Contig1.g10;score=111949.0;score_ratio=270.41;coding_length=1338;low_support=false;partial5=false;partial3=false
Contig1	combinr	exon	57371	57706	.	+	.	ID=consensus.Contig1.g10.mRNA.exon1;Parent=consensus.Contig1.g10.mRNA
Contig1	combinr	exon	58087	58207	.	+	.	ID=consensus.Contig1.g10.mRNA.exon2;Parent=consensus.Contig1.g10.mRNA
Contig1	combinr	exon	58371	58545	.	+	.	ID=consensus.Contig1.g10.mRNA.exon3;Parent=consensus.Contig1.g10.mRNA
Contig1	combinr	exon	59118	59188	.	+	.	ID=consensus.Contig1.g10.mRNA.exon4;Parent=consensus.Contig1.g10.mRNA
Contig1	combinr	exon	59307	59941	.	+	.	ID=consensus.Contig1.g10.mRNA.exon5;Parent=consensus.Contig1.g10.mRNA
Contig1	combinr	CDS	57371	57706	.	+	0	ID=consensus.Contig1.g10.mRNA.cds1;Parent=consensus.Contig1.g10.mRNA
Contig1	combinr	CDS	58087	58207	.	+	0	ID=consensus.Contig1.g10.mRNA.cds2;Parent=consensus.Contig1.g10.mRNA
Contig1	combinr	CDS	58371	58545	.	+	2	ID=consensus.Contig1.g10.mRNA.cds3;Parent=consensus.Contig1.g10.mRNA
Contig1	combinr	CDS	59118	59188	.	+	1	ID=consensus.Contig1.g10.mRNA.cds4;Parent=consensus.Contig1.g10.mRNA
Contig1	combinr	CDS	59307	59941	.	+	2	ID=consensus.Contig1.g10.mRNA.cds5;Parent=consensus.Contig1.g10.mRNA
Contig1	combinr	gene	61745	63283	.	-	.	ID=consensus.Contig1.g11
Contig1	combinr	mRNA	61745	63283	.	-	.	ID=consensus.Contig1.g11.mRNA;Parent=consensus.Contig1.g11;score=32842.0;score_ratio=10000.00;coding_length=1047;low_support=false;partial5=false;partial3=false
Contig1	combinr	exon	61745	62443	.	-	.	ID=consensus.Contig1.g11.mRNA.exon1;Parent=consensus.Contig1.g11.mRNA
Contig1	combinr	exon	62564	62676	.	-	.	ID=consensus.Contig1.g11.mRNA.exon2;Parent=consensus.Contig1.g11.mRNA
Contig1	combinr	exon	62753	62834	.	-	.	ID=consensus.Contig1.g11.mRNA.exon3;Parent=consensus.Contig1.g11.mRNA
Contig1	combinr	exon	62913	63002	.	-	.	ID=consensus.Contig1.g11.mRNA.exon4;Parent=consensus.Contig1.g11.mRNA
Contig1	combinr	exon	63077	63134	.	-	.	ID=consensus.Contig1.g11.mRNA.exon5;Parent=consensus.Contig1.g11.mRNA
Contig1	combinr	exon	63279	63283	.	-	.	ID=consensus.Contig1.g11.mRNA.exon6;Parent=consensus.Contig1.g11.mRNA
Contig1	combinr	CDS	61745	62443	.	-	0	ID=consensus.Contig1.g11.mRNA.cds1;Parent=consensus.Contig1.g11.mRNA
Contig1	combinr	CDS	62564	62676	.	-	2	ID=consensus.Contig1.g11.mRNA.cds2;Parent=consensus.Contig1.g11.mRNA
Contig1	combinr	CDS	62753	62834	.	-	0	ID=consensus.Contig1.g11.mRNA.cds3;Parent=consensus.Contig1.g11.mRNA
Contig1	combinr	CDS	62913	63002	.	-	0	ID=consensus.Contig1.g11.mRNA.cds4;Parent=consensus.Contig1.g11.mRNA
Contig1	combinr	CDS	63077	63134	.	-	1	ID=consensus.Contig1.g11.mRNA.cds5;Parent=consensus.Contig1.g11.mRNA
Contig1	combinr	CDS	63279	63283	.	-	0	ID=consensus.Contig1.g11.mRNA.cds6;Parent=consensus.Contig1.g11.mRNA
